::1 - - [03/Jul/2026 15:17:41] "GET / HTTP/1.1" 200 -
::1 - - [03/Jul/2026 15:17:42] "GET /css/index.css HTTP/1.1" 200 -
::1 - - [03/Jul/2026 15:17:42] "GET /css/style.css HTTP/1.1" 200 -
::1 - - [03/Jul/2026 15:17:42] "GET /js/config.js HTTP/1.1" 200 -
::1 - - [03/Jul/2026 15:17:42] "GET /js/database.js HTTP/1.1" 200 -
::1 - - [03/Jul/2026 15:17:42] "GET /js/api.js HTTP/1.1" 200 -
::1 - - [03/Jul/2026 15:17:42] "GET /js/utils.js HTTP/1.1" 200 -
::1 - - [03/Jul/2026 15:17:42] "GET /js/index.js HTTP/1.1" 200 -
::1 - - [03/Jul/2026 15:17:42] code 404, message File not found
::1 - - [03/Jul/2026 15:17:42] "GET /favicon.ico HTTP/1.1" 404 -
::1 - - [03/Jul/2026 15:17:46] "GET /login.html HTTP/1.1" 200 -
::1 - - [03/Jul/2026 15:17:46] "GET /css/login.css HTTP/1.1" 200 -
::1 - - [03/Jul/2026 15:17:46] "GET /js/login.js HTTP/1.1" 200 -
::1 - - [03/Jul/2026 15:17:54] "GET /index.html HTTP/1.1" 200 -
::1 - - [03/Jul/2026 15:18:31] "GET /sobre.html HTTP/1.1" 200 -
::1 - - [03/Jul/2026 15:18:56] "GET /admin.html HTTP/1.1" 200 -
----------------------------------------
Exception occurred during processing of request from ('::1', 3288, 0, 0)
::1 - - [03/Jul/2026 15:18:56] "GET /admin.html HTTP/1.1" 200 -
::1 - - [03/Jul/2026 15:18:56] "GET /css/painel.css HTTP/1.1" 200 -
::1 - - [03/Jul/2026 15:18:56] "GET /css/associado.css HTTP/1.1" 200 -
::1 - - [03/Jul/2026 15:18:56] "GET /js/admin.js HTTP/1.1" 200 -
Traceback (most recent call last):
  File "C:\Python312\Lib\socketserver.py", line 692, in process_request_thread
    self.finish_request(request, client_address)
  File "C:\Python312\Lib\http\server.py", line 1311, in finish_request
    self.RequestHandlerClass(request, client_address, self,
  File "C:\Python312\Lib\http\server.py", line 672, in __init__
    super().__init__(*args, **kwargs)
  File "C:\Python312\Lib\socketserver.py", line 761, in __init__
    self.handle()
  File "C:\Python312\Lib\http\server.py", line 436, in handle
    self.handle_one_request()
  File "C:\Python312\Lib\http\server.py", line 424, in handle_one_request
    method()
  File "C:\Python312\Lib\http\server.py", line 679, in do_GET
    self.copyfile(f, self.wfile)
  File "C:\Python312\Lib\http\server.py", line 878, in copyfile
    shutil.copyfileobj(source, outputfile)
  File "C:\Python312\Lib\shutil.py", line 204, in copyfileobj
    fdst_write(buf)
  File "C:\Python312\Lib\socketserver.py", line 840, in write
    self._sock.sendall(b)
ConnectionAbortedError: [WinError 10053] Uma conexão estabelecida foi anulada pelo software no computador host
----------------------------------------
::1 - - [03/Jul/2026 15:21:47] "GET /login.html HTTP/1.1" 304 -
::1 - - [03/Jul/2026 15:21:47] "GET /css/style.css HTTP/1.1" 304 -
::1 - - [03/Jul/2026 15:21:47] "GET /css/login.css HTTP/1.1" 304 -
::1 - - [03/Jul/2026 15:21:47] "GET /js/config.js HTTP/1.1" 304 -
::1 - - [03/Jul/2026 15:21:47] "GET /js/api.js HTTP/1.1" 304 -
::1 - - [03/Jul/2026 15:21:47] "GET /js/database.js HTTP/1.1" 304 -
::1 - - [03/Jul/2026 15:21:47] "GET /js/login.js HTTP/1.1" 304 -
::1 - - [03/Jul/2026 15:21:47] "GET /js/utils.js HTTP/1.1" 304 -
::1 - - [03/Jul/2026 15:21:58] "GET /associado.html HTTP/1.1" 200 -
----------------------------------------
Exception occurred during processing of request from ('::1', 34139, 0, 0)
Traceback (most recent call last):
  File "C:\Python312\Lib\socketserver.py", line 692, in process_request_thread
    self.finish_request(request, client_address)
::1 - - [03/Jul/2026 15:21:58] "GET /associado.html HTTP/1.1" 200 -
  File "C:\Python312\Lib\http\server.py", line 1311, in finish_request
    self.RequestHandlerClass(request, client_address, self,
  File "C:\Python312\Lib\http\server.py", line 672, in __init__
    super().__init__(*args, **kwargs)
  File "C:\Python312\Lib\socketserver.py", line 761, in __init__
    self.handle()
  File "C:\Python312\Lib\http\server.py", line 436, in handle
    self.handle_one_request()
  File "C:\Python312\Lib\http\server.py", line 424, in handle_one_request
    method()
  File "C:\Python312\Lib\http\server.py", line 679, in do_GET
    self.copyfile(f, self.wfile)
  File "C:\Python312\Lib\http\server.py", line 878, in copyfile
    shutil.copyfileobj(source, outputfile)
  File "C:\Python312\Lib\shutil.py", line 204, in copyfileobj
    fdst_write(buf)
  File "C:\Python312\Lib\socketserver.py", line 840, in write
    self._sock.sendall(b)
ConnectionAbortedError: [WinError 10053] Uma conexão estabelecida foi anulada pelo software no computador host
----------------------------------------
::1 - - [03/Jul/2026 15:21:58] "GET /js/associado.js HTTP/1.1" 200 -
::1 - - [03/Jul/2026 15:22:12] "GET /index.html HTTP/1.1" 304 -
::1 - - [03/Jul/2026 15:22:12] "GET /css/index.css HTTP/1.1" 304 -
::1 - - [03/Jul/2026 15:22:12] "GET /js/index.js HTTP/1.1" 304 -
::1 - - [03/Jul/2026 15:26:40] "GET /associado.html HTTP/1.1" 304 -
::1 - - [03/Jul/2026 15:26:40] "GET /css/style.css HTTP/1.1" 304 -
::1 - - [03/Jul/2026 15:26:40] "GET /css/painel.css HTTP/1.1" 304 -
::1 - - [03/Jul/2026 15:26:40] "GET /css/associado.css HTTP/1.1" 304 -
::1 - - [03/Jul/2026 15:26:40] "GET /js/config.js HTTP/1.1" 304 -
::1 - - [03/Jul/2026 15:26:40] "GET /js/api.js HTTP/1.1" 304 -
::1 - - [03/Jul/2026 15:26:40] "GET /js/database.js HTTP/1.1" 304 -
::1 - - [03/Jul/2026 15:26:40] "GET /js/utils.js HTTP/1.1" 304 -
::1 - - [03/Jul/2026 15:26:40] "GET /js/associado.js HTTP/1.1" 304 -
::1 - - [03/Jul/2026 15:26:40] "GET /associado.html HTTP/1.1" 304 -
::1 - - [03/Jul/2026 15:27:32] "GET / HTTP/1.1" 200 -
::1 - - [03/Jul/2026 15:27:32] "GET /css/index.css HTTP/1.1" 304 -
::1 - - [03/Jul/2026 15:27:32] "GET /js/index.js HTTP/1.1" 304 -
::1 - - [03/Jul/2026 15:27:34] "GET /login.html HTTP/1.1" 304 -
::1 - - [03/Jul/2026 15:27:34] "GET /css/login.css HTTP/1.1" 304 -
::1 - - [03/Jul/2026 15:27:34] "GET /js/login.js HTTP/1.1" 304 -
::1 - - [03/Jul/2026 15:27:37] "GET /associado.html HTTP/1.1" 304 -
::1 - - [03/Jul/2026 15:27:37] "GET /associado.html HTTP/1.1" 304 -
::1 - - [03/Jul/2026 15:34:25] "GET / HTTP/1.1" 304 -
::1 - - [03/Jul/2026 15:34:25] "GET /css/style.css HTTP/1.1" 304 -
::1 - - [03/Jul/2026 15:34:25] "GET /css/index.css HTTP/1.1" 304 -
::1 - - [03/Jul/2026 15:34:25] "GET /js/config.js HTTP/1.1" 304 -
::1 - - [03/Jul/2026 15:34:25] "GET /js/api.js HTTP/1.1" 304 -
::1 - - [03/Jul/2026 15:34:25] "GET /js/database.js HTTP/1.1" 304 -
::1 - - [03/Jul/2026 15:34:25] "GET /js/utils.js HTTP/1.1" 304 -
::1 - - [03/Jul/2026 15:34:25] "GET /js/index.js HTTP/1.1" 304 -
::1 - - [03/Jul/2026 15:34:25] "GET / HTTP/1.1" 304 -
::1 - - [03/Jul/2026 15:34:26] "GET / HTTP/1.1" 304 -
::1 - - [03/Jul/2026 15:34:26] "GET / HTTP/1.1" 304 -
::1 - - [03/Jul/2026 15:34:29] "GET /index.html HTTP/1.1" 304 -
::1 - - [03/Jul/2026 15:35:46] "GET / HTTP/1.1" 200 -
